../Drivers/CMSIS/Include/core_cm4.h:1679:22:__NVIC_EnableIRQ	16	static,ignoring_inline_asm
../Drivers/CMSIS/Include/core_cm4.h:1809:22:__NVIC_SetPriority	16	static
../Core/Src/main.c:60:6:GPIO_Config	4	static
../Core/Src/main.c:83:6:interrupt	8	static
../Core/Src/main.c:105:6:EXTI15_10_IRQHandler	4	static
../Core/Src/main.c:123:5:main	8	static
../Core/Src/main.c:211:6:SystemClock_Config	96	static
../Core/Src/main.c:272:13:MX_USB_OTG_FS_PCD_Init	8	static
../Core/Src/main.c:307:13:MX_GPIO_Init	48	static
../Core/Src/main.c:385:6:Error_Handler	4	static,ignoring_inline_asm
